// Jest Snapshot v1, https://goo.gl/fbAQLP

exports[`Render should render Spinner 1`] = `
"<div>
  Error on loading data
</div>"
`;
