// Jest Snapshot v1, https://goo.gl/fbAQLP

exports[`Render should render Spinner 1`] = `
"<styled.div>
  This is a message
</styled.div>"
`;
