// Jest Snapshot v1, https://goo.gl/fbAQLP

exports[`Render should render App 1`] = `
"<div>
  Omise Tamboon React
</div>"
`;
